\BOOKMARK [0][-]{chapter*.1}{\376\377\000A\000C\000K\000N\000O\000W\000L\000E\000D\000G\000E\000M\000E\000N\000T}{}% 1
\BOOKMARK [0][-]{chapter*.2}{\376\377\027\242\027\217\027\322\027\220\027\224\027\221\027\237\027\204\027\322\027\201\027\301\027\224}{}% 2
\BOOKMARK [0][-]{chapter*.3}{\376\377\000A\000B\000S\000T\000R\000A\000C\000T}{}% 3
\BOOKMARK [0][-]{chapter*.4}{\376\377\000L\000I\000S\000T\000\040\000O\000F\000\040\000A\000B\000B\000R\000E\000V\000I\000A\000T\000I\000O\000N\000S}{}% 4
\BOOKMARK [0][-]{chapter*.7}{\376\377\000I\000.\000\040\000I\000N\000T\000R\000O\000D\000U\000C\000T\000I\000O\000N}{}% 5
\BOOKMARK [1][-]{section.1.1}{\376\377\000P\000r\000e\000s\000e\000n\000t\000a\000t\000i\000o\000n\000\040\000o\000f\000\040\000I\000n\000t\000e\000r\000n\000s\000h\000i\000p}{chapter*.7}% 6
\BOOKMARK [2][-]{subsection.1.1.1}{\376\377\000O\000b\000j\000e\000c\000t\000i\000v\000e\000\040\000o\000f\000\040\000I\000n\000t\000e\000r\000n\000s\000h\000i\000p}{section.1.1}% 7
\BOOKMARK [2][-]{subsection.1.1.2}{\376\377\000D\000u\000r\000a\000t\000i\000o\000n\000\040\000a\000n\000d\000\040\000A\000d\000m\000i\000n\000i\000s\000t\000r\000a\000t\000i\000v\000e\000\040\000D\000e\000t\000a\000i\000l\000s}{section.1.1}% 8
\BOOKMARK [1][-]{section.1.2}{\376\377\000P\000r\000e\000s\000e\000n\000t\000a\000t\000i\000o\000n\000\040\000o\000f\000\040\000H\000o\000s\000t\000\040\000O\000r\000g\000a\000n\000i\000z\000a\000t\000i\000o\000n}{chapter*.7}% 9
\BOOKMARK [2][-]{subsection.1.2.1}{\376\377\000V\000i\000s\000i\000o\000n\000\040\000a\000n\000d\000\040\000S\000t\000r\000a\000t\000e\000g\000i\000c\000\040\000D\000i\000r\000e\000c\000t\000i\000o\000n}{section.1.2}% 10
\BOOKMARK [2][-]{subsection.1.2.2}{\376\377\000C\000o\000r\000e\000\040\000M\000i\000s\000s\000i\000o\000n}{section.1.2}% 11
\BOOKMARK [2][-]{subsection.1.2.3}{\376\377\000P\000r\000o\000d\000u\000c\000t\000s\000,\000\040\000I\000n\000i\000t\000i\000a\000t\000i\000v\000e\000s\000,\000\040\000a\000n\000d\000\040\000S\000e\000r\000v\000i\000c\000e\000s}{section.1.2}% 12
\BOOKMARK [1][-]{section.1.3}{\376\377\000M\000a\000c\000r\000o\000e\000c\000o\000n\000o\000m\000i\000c\000\040\000B\000a\000c\000k\000g\000r\000o\000u\000n\000d\000\040\000a\000n\000d\000\040\000M\000o\000t\000i\000v\000a\000t\000i\000o\000n}{chapter*.7}% 13
\BOOKMARK [2][-]{subsection.1.3.1}{\376\377\000S\000t\000r\000u\000c\000t\000u\000r\000a\000l\000\040\000D\000y\000n\000a\000m\000i\000c\000s\000\040\000o\000f\000\040\000t\000h\000e\000\040\000C\000a\000m\000b\000o\000d\000i\000a\000n\000\040\000E\000c\000o\000n\000o\000m\000y}{section.1.3}% 14
\BOOKMARK [2][-]{subsection.1.3.2}{\376\377\000L\000i\000m\000i\000t\000a\000t\000i\000o\000n\000s\000\040\000o\000f\000\040\000T\000r\000a\000d\000i\000t\000i\000o\000n\000a\000l\000\040\000M\000o\000n\000t\000h\000l\000y\000\040\000M\000a\000n\000u\000a\000l\000\040\000S\000u\000r\000v\000e\000y\000\040\000M\000e\000t\000h\000o\000d\000o\000l\000o\000g\000i\000e\000s}{section.1.3}% 15
\BOOKMARK [2][-]{subsection.1.3.3}{\376\377\000T\000h\000e\000\040\000E\000m\000e\000r\000g\000e\000n\000c\000e\000\040\000o\000f\000\040\000A\000l\000t\000e\000r\000n\000a\000t\000i\000v\000e\000\040\000B\000i\000g\000\040\000D\000a\000t\000a\000\040\000a\000n\000d\000\040\000W\000e\000b\000-\000S\000c\000r\000a\000p\000e\000d\000\040\000I\000n\000f\000l\000a\000t\000i\000o\000n\000\040\000T\000r\000a\000c\000k\000i\000n\000g}{section.1.3}% 16
\BOOKMARK [1][-]{section.1.4}{\376\377\000P\000r\000o\000b\000l\000e\000m\000\040\000S\000t\000a\000t\000e\000m\000e\000n\000t}{chapter*.7}% 17
\BOOKMARK [1][-]{section.1.5}{\376\377\000R\000e\000s\000e\000a\000r\000c\000h\000\040\000Q\000u\000e\000s\000t\000i\000o\000n\000s}{chapter*.7}% 18
\BOOKMARK [1][-]{section.1.6}{\376\377\000R\000e\000s\000e\000a\000r\000c\000h\000\040\000O\000b\000j\000e\000c\000t\000i\000v\000e\000s}{chapter*.7}% 19
\BOOKMARK [2][-]{subsection.1.6.1}{\376\377\000P\000r\000i\000m\000a\000r\000y\000\040\000O\000b\000j\000e\000c\000t\000i\000v\000e}{section.1.6}% 20
\BOOKMARK [2][-]{subsection.1.6.2}{\376\377\000S\000p\000e\000c\000i\000f\000i\000c\000\040\000T\000e\000c\000h\000n\000i\000c\000a\000l\000\040\000O\000b\000j\000e\000c\000t\000i\000v\000e\000s}{section.1.6}% 21
\BOOKMARK [1][-]{section.1.7}{\376\377\000S\000c\000o\000p\000e\000\040\000a\000n\000d\000\040\000L\000i\000m\000i\000t\000a\000t\000i\000o\000n\000s}{chapter*.7}% 22
\BOOKMARK [2][-]{subsection.1.7.1}{\376\377\000S\000c\000o\000p\000e\000\040\000o\000f\000\040\000t\000h\000e\000\040\000S\000t\000u\000d\000y}{section.1.7}% 23
\BOOKMARK [2][-]{subsection.1.7.2}{\376\377\000L\000i\000m\000i\000t\000a\000t\000i\000o\000n\000s\000\040\000o\000f\000\040\000t\000h\000e\000\040\000S\000t\000u\000d\000y}{section.1.7}% 24
\BOOKMARK [1][-]{section.1.8}{\376\377\000S\000i\000g\000n\000i\000f\000i\000c\000a\000n\000c\000e\000\040\000a\000n\000d\000\040\000C\000o\000n\000t\000r\000i\000b\000u\000t\000i\000o\000n\000s\000\040\000o\000f\000\040\000t\000h\000e\000\040\000S\000t\000u\000d\000y}{chapter*.7}% 25
\BOOKMARK [1][-]{section.1.9}{\376\377\000P\000r\000o\000j\000e\000c\000t\000\040\000R\000o\000a\000d\000m\000a\000p\000,\000\040\000W\000o\000r\000k\000\040\000B\000r\000e\000a\000k\000d\000o\000w\000n\000\040\000S\000t\000r\000u\000c\000t\000u\000r\000e\000,\000\040\000a\000n\000d\000\040\000G\000a\000n\000t\000t\000\040\000C\000h\000a\000r\000t}{chapter*.7}% 26
\BOOKMARK [1][-]{section.1.10}{\376\377\000T\000h\000e\000s\000i\000s\000\040\000R\000e\000p\000o\000r\000t\000\040\000O\000r\000g\000a\000n\000i\000z\000a\000t\000i\000o\000n}{chapter*.7}% 27
\BOOKMARK [0][-]{chapter*.11}{\376\377\000I\000I\000.\000\040\000L\000I\000T\000E\000R\000A\000T\000U\000R\000E\000\040\000R\000E\000V\000I\000E\000W}{}% 28
\BOOKMARK [1][-]{section.2.1}{\376\377\000I\000n\000t\000r\000o\000d\000u\000c\000t\000i\000o\000n\000\040\000t\000o\000\040\000A\000c\000a\000d\000e\000m\000i\000c\000\040\000F\000o\000u\000n\000d\000a\000t\000i\000o\000n\000s}{chapter*.11}% 29
\BOOKMARK [1][-]{section.2.2}{\376\377\000H\000i\000g\000h\000-\000F\000r\000e\000q\000u\000e\000n\000c\000y\000\040\000W\000e\000b\000\040\000S\000c\000r\000a\000p\000i\000n\000g\000\040\000a\000n\000d\000\040\000O\000n\000l\000i\000n\000e\000\040\000P\000r\000i\000c\000e\000\040\000C\000o\000l\000l\000e\000c\000t\000i\000o\000n}{chapter*.11}% 30
\BOOKMARK [1][-]{section.2.3}{\376\377\000N\000a\000t\000u\000r\000a\000l\000\040\000L\000a\000n\000g\000u\000a\000g\000e\000\040\000P\000r\000o\000c\000e\000s\000s\000i\000n\000g\000\040\000a\000n\000d\000\040\000A\000I\000\040\000i\000n\000\040\000P\000r\000o\000d\000u\000c\000t\000\040\000C\000l\000a\000s\000s\000i\000f\000i\000c\000a\000t\000i\000o\000n}{chapter*.11}% 31
\BOOKMARK [1][-]{section.2.4}{\376\377\000E\000c\000o\000n\000o\000m\000e\000t\000r\000i\000c\000\040\000I\000n\000d\000e\000x\000\040\000N\000u\000m\000b\000e\000r\000\040\000T\000h\000e\000o\000r\000y\000\040\000a\000n\000d\000\040\000S\000c\000a\000n\000n\000e\000r\000\040\000D\000a\000t\000a\000\040\000B\000i\000g\000\040\000D\000a\000t\000a}{chapter*.11}% 32
\BOOKMARK [1][-]{section.2.5}{\376\377\000H\000i\000g\000h\000-\000F\000r\000e\000q\000u\000e\000n\000c\000y\000\040\000N\000o\000w\000c\000a\000s\000t\000i\000n\000g\000\040\000a\000n\000d\000\040\000M\000a\000c\000h\000i\000n\000e\000\040\000L\000e\000a\000r\000n\000i\000n\000g\000\040\000I\000n\000f\000l\000a\000t\000i\000o\000n\000\040\000F\000o\000r\000e\000c\000a\000s\000t\000i\000n\000g}{chapter*.11}% 33
\BOOKMARK [1][-]{section.2.6}{\376\377\000C\000o\000m\000p\000a\000r\000a\000t\000i\000v\000e\000\040\000L\000i\000t\000e\000r\000a\000t\000u\000r\000e\000\040\000M\000a\000t\000r\000i\000x\000\040\000a\000n\000d\000\040\000M\000e\000t\000h\000o\000d\000o\000l\000o\000g\000i\000c\000a\000l\000\040\000S\000y\000n\000t\000h\000e\000s\000i\000s}{chapter*.11}% 34
\BOOKMARK [0][-]{chapter*.13}{\376\377\000I\000I\000I\000.\000\040\000M\000E\000T\000H\000O\000D\000O\000L\000O\000G\000Y}{}% 35
\BOOKMARK [1][-]{section.3.1}{\376\377\000M\000e\000t\000h\000o\000d\000o\000l\000o\000g\000i\000c\000a\000l\000\040\000F\000r\000a\000m\000e\000w\000o\000r\000k\000\040\000a\000n\000d\000\040\000S\000y\000s\000t\000e\000m\000\040\000A\000r\000c\000h\000i\000t\000e\000c\000t\000u\000r\000e}{chapter*.13}% 36
\BOOKMARK [1][-]{section.3.2}{\376\377\000P\000h\000a\000s\000e\000\040\0001\000:\000\040\000D\000a\000t\000a\000\040\000I\000n\000f\000r\000a\000s\000t\000r\000u\000c\000t\000u\000r\000e\000,\000\040\000M\000u\000l\000t\000i\000-\000S\000o\000u\000r\000c\000e\000\040\000I\000n\000g\000e\000s\000t\000i\000o\000n\000,\000\040\000P\000r\000e\000p\000r\000o\000c\000e\000s\000s\000i\000n\000g\000,\000\040\000a\000n\000d\000\040\000C\000l\000a\000s\000s\000i\000f\000i\000c\000a\000t\000i\000o\000n}{chapter*.13}% 37
\BOOKMARK [2][-]{subsection.3.2.1}{\376\377\000D\000a\000t\000a\000\040\000I\000n\000f\000r\000a\000s\000t\000r\000u\000c\000t\000u\000r\000e\000\040\000a\000n\000d\000\040\000S\000t\000o\000r\000a\000g\000e\000\040\000D\000e\000s\000i\000g\000n}{section.3.2}% 38
\BOOKMARK [2][-]{subsection.3.2.2}{\376\377\000A\000u\000t\000o\000m\000a\000t\000e\000d\000\040\000W\000e\000b\000\040\000S\000c\000r\000a\000p\000i\000n\000g\000\040\000\050\0001\0002\000\040\000C\000O\000I\000C\000O\000P\000\040\000D\000i\000v\000i\000s\000i\000o\000n\000s\000\051}{section.3.2}% 39
\BOOKMARK [2][-]{subsection.3.2.3}{\376\377\000D\000a\000t\000a\000\040\000P\000r\000e\000p\000r\000o\000c\000e\000s\000s\000i\000n\000g\000,\000\040\000E\000n\000t\000i\000t\000y\000\040\000M\000a\000t\000c\000h\000i\000n\000g\000,\000\040\000a\000n\000d\000\040\000C\000l\000a\000s\000s\000i\000f\000i\000c\000a\000t\000i\000o\000n}{section.3.2}% 40
\BOOKMARK [1][-]{section.3.3}{\376\377\000P\000h\000a\000s\000e\000\040\0002\000:\000\040\000E\000x\000p\000l\000o\000r\000a\000t\000o\000r\000y\000\040\000D\000a\000t\000a\000\040\000A\000n\000a\000l\000y\000s\000i\000s\000\040\000a\000n\000d\000\040\0001\0002\000\040\000C\000O\000I\000C\000O\000P\000\040\000C\000a\000t\000e\000g\000o\000r\000y\000\040\000V\000i\000s\000u\000a\000l\000i\000z\000a\000t\000i\000o\000n}{chapter*.13}% 41
\BOOKMARK [2][-]{subsection.3.3.1}{\376\377\000W\000e\000i\000g\000h\000t\000\040\000A\000s\000s\000i\000g\000n\000m\000e\000n\000t\000\040\000a\000n\000d\000\040\000B\000a\000s\000k\000e\000t\000\040\000C\000a\000l\000i\000b\000r\000a\000t\000i\000o\000n}{section.3.3}% 42
\BOOKMARK [2][-]{subsection.3.3.2}{\376\377\000E\000x\000p\000l\000o\000r\000a\000t\000o\000r\000y\000\040\000V\000i\000s\000u\000a\000l\000i\000z\000a\000t\000i\000o\000n\000\040\000a\000n\000d\000\040\000V\000a\000l\000i\000d\000a\000t\000i\000o\000n}{section.3.3}% 43
\BOOKMARK [1][-]{section.3.4}{\376\377\000P\000h\000a\000s\000e\000\040\0003\000:\000\040\000E\000c\000o\000n\000o\000m\000e\000t\000r\000i\000c\000\040\000C\000P\000I\000\040\000A\000g\000g\000r\000e\000g\000a\000t\000i\000o\000n\000\040\000a\000n\000d\000\040\000M\000a\000c\000h\000i\000n\000e\000\040\000L\000e\000a\000r\000n\000i\000n\000g\000\040\000I\000n\000f\000l\000a\000t\000i\000o\000n\000\040\000F\000o\000r\000e\000c\000a\000s\000t\000i\000n\000g}{chapter*.13}% 44
\BOOKMARK [2][-]{subsection.3.4.1}{\376\377\000T\000w\000o\000-\000S\000t\000a\000g\000e\000\040\000E\000c\000o\000n\000o\000m\000e\000t\000r\000i\000c\000\040\000C\000P\000I\000\040\000A\000g\000g\000r\000e\000g\000a\000t\000i\000o\000n}{section.3.4}% 45
\BOOKMARK [2][-]{subsection.3.4.2}{\376\377\000F\000e\000a\000t\000u\000r\000e\000\040\000E\000n\000g\000i\000n\000e\000e\000r\000i\000n\000g\000\040\000f\000o\000r\000\040\000M\000a\000c\000h\000i\000n\000e\000\040\000L\000e\000a\000r\000n\000i\000n\000g}{section.3.4}% 46
\BOOKMARK [2][-]{subsection.3.4.3}{\376\377\000M\000a\000c\000h\000i\000n\000e\000\040\000L\000e\000a\000r\000n\000i\000n\000g\000\040\000P\000r\000e\000d\000i\000c\000t\000i\000v\000e\000\040\000M\000o\000d\000e\000l\000s\000\040\000a\000n\000d\000\040\000E\000v\000a\000l\000u\000a\000t\000i\000o\000n}{section.3.4}% 47
\BOOKMARK [1][-]{section.3.5}{\376\377\000P\000h\000a\000s\000e\000\040\0004\000:\000\040\000I\000n\000t\000e\000r\000a\000c\000t\000i\000v\000e\000\040\000D\000a\000s\000h\000b\000o\000a\000r\000d\000\040\000D\000e\000v\000e\000l\000o\000p\000m\000e\000n\000t\000\040\000a\000n\000d\000\040\000D\000e\000p\000l\000o\000y\000m\000e\000n\000t}{chapter*.13}% 48
\BOOKMARK [2][-]{subsection.3.5.1}{\376\377\000M\000e\000t\000a\000b\000a\000s\000e\000\040\000E\000x\000e\000c\000u\000t\000i\000v\000e\000\040\000B\000I\000\040\000\046\000\040\000S\000c\000r\000a\000p\000e\000r\000\040\000O\000b\000s\000e\000r\000v\000a\000b\000i\000l\000i\000t\000y\000\040\000D\000a\000s\000h\000b\000o\000a\000r\000d\000\040\000\050\000:\0003\0000\0000\0000\000\051}{section.3.5}% 49
\BOOKMARK [2][-]{subsection.3.5.2}{\376\377\000P\000o\000w\000e\000r\000\040\000B\000I\000\040\000I\000n\000f\000l\000a\000t\000i\000o\000n\000\040\000A\000n\000a\000l\000y\000t\000i\000c\000s\000\040\000a\000n\000d\000\040\000R\000e\000p\000o\000r\000t\000i\000n\000g}{section.3.5}% 50
\BOOKMARK [2][-]{subsection.3.5.3}{\376\377\000C\000o\000n\000t\000a\000i\000n\000e\000r\000i\000z\000e\000d\000\040\000P\000r\000o\000d\000u\000c\000t\000i\000o\000n\000\040\000D\000e\000p\000l\000o\000y\000m\000e\000n\000t}{section.3.5}% 51
\BOOKMARK [1][-]{section.3.6}{\376\377\000P\000r\000o\000j\000e\000c\000t\000\040\000A\000c\000t\000i\000v\000i\000t\000y\000\040\000S\000c\000h\000e\000d\000u\000l\000e\000\040\000a\000n\000d\000\040\000M\000i\000l\000e\000s\000t\000o\000n\000e\000\040\000R\000o\000a\000d\000m\000a\000p}{chapter*.13}% 52
\BOOKMARK [0][-]{chapter*.16}{\376\377\000I\000V\000.\000\040\000R\000E\000S\000U\000L\000T\000\040\000A\000N\000D\000\040\000D\000I\000S\000C\000U\000S\000S\000I\000O\000N}{}% 53
\BOOKMARK [1][-]{section.4.1}{\376\377\000I\000n\000t\000r\000o\000d\000u\000c\000t\000i\000o\000n\000\040\000t\000o\000\040\000E\000m\000p\000i\000r\000i\000c\000a\000l\000\040\000F\000i\000n\000d\000i\000n\000g\000s}{chapter*.16}% 54
\BOOKMARK [1][-]{section.4.2}{\376\377\000P\000h\000a\000s\000e\000\040\0001\000:\000\040\000M\000u\000l\000t\000i\000-\000S\000o\000u\000r\000c\000e\000\040\000I\000n\000g\000e\000s\000t\000i\000o\000n\000\040\000P\000e\000r\000f\000o\000r\000m\000a\000n\000c\000e\000\040\000a\000n\000d\000\040\000C\000o\000v\000e\000r\000a\000g\000e}{chapter*.16}% 55
\BOOKMARK [2][-]{subsection.4.2.1}{\376\377\0002\0000\000-\000S\000o\000u\000r\000c\000e\000\040\000S\000c\000r\000a\000p\000e\000r\000\040\000Y\000i\000e\000l\000d\000\040\000a\000n\000d\000\040\000A\000v\000a\000i\000l\000a\000b\000i\000l\000i\000t\000y\000\040\000M\000a\000t\000r\000i\000x}{section.4.2}% 56
\BOOKMARK [1][-]{section.4.3}{\376\377\000P\000h\000a\000s\000e\000\040\0002\000:\000\040\000S\000e\000m\000a\000n\000t\000i\000c\000\040\000I\000t\000e\000m\000\040\000M\000a\000t\000c\000h\000i\000n\000g\000\040\000a\000n\000d\000\040\000A\000I\000\040\000C\000O\000I\000C\000O\000P\000\040\000C\000l\000a\000s\000s\000i\000f\000i\000c\000a\000t\000i\000o\000n\000\040\000R\000e\000s\000u\000l\000t\000s}{chapter*.16}% 57
\BOOKMARK [2][-]{subsection.4.3.1}{\376\377\000S\000e\000m\000a\000n\000t\000i\000c\000\040\000V\000e\000c\000t\000o\000r\000\040\000I\000t\000e\000m\000\040\000M\000a\000t\000c\000h\000i\000n\000g\000\040\000E\000v\000a\000l\000u\000a\000t\000i\000o\000n}{section.4.3}% 58
\BOOKMARK [2][-]{subsection.4.3.2}{\376\377\0004\000-\000T\000i\000e\000r\000\040\000H\000y\000b\000r\000i\000d\000\040\000A\000I\000\040\000C\000O\000I\000C\000O\000P\000\040\000C\000l\000a\000s\000s\000i\000f\000i\000e\000r\000\040\000P\000e\000r\000f\000o\000r\000m\000a\000n\000c\000e}{section.4.3}% 59
\BOOKMARK [1][-]{section.4.4}{\376\377\000P\000h\000a\000s\000e\000\040\0003\000:\000\040\000E\000c\000o\000n\000o\000m\000e\000t\000r\000i\000c\000\040\000C\000P\000I\000\040\000A\000g\000g\000r\000e\000g\000a\000t\000i\000o\000n\000\040\000a\000n\000d\000\040\000I\000n\000f\000l\000a\000t\000i\000o\000n\000\040\000D\000y\000n\000a\000m\000i\000c\000s}{chapter*.16}% 60
\BOOKMARK [2][-]{subsection.4.4.1}{\376\377\000H\000e\000a\000d\000l\000i\000n\000e\000\040\000C\000P\000I\000\040\000v\000s\000.\000\040\000R\000e\000f\000i\000n\000e\000d\000\040\000C\000o\000r\000e\000\040\000C\000P\000I\000\040\000D\000y\000n\000a\000m\000i\000c\000s}{section.4.4}% 61
\BOOKMARK [2][-]{subsection.4.4.2}{\376\377\000E\000f\000f\000i\000c\000a\000c\000y\000\040\000o\000f\000\040\0007\000-\000D\000a\000y\000\040\000M\000i\000s\000s\000i\000n\000g\000\040\000P\000r\000i\000c\000e\000\040\000I\000m\000p\000u\000t\000a\000t\000i\000o\000n}{section.4.4}% 62
\BOOKMARK [1][-]{section.4.5}{\376\377\000P\000h\000a\000s\000e\000\040\0004\000:\000\040\000P\000r\000o\000d\000u\000c\000t\000i\000o\000n\000\040\000D\000e\000p\000l\000o\000y\000m\000e\000n\000t\000\040\000a\000n\000d\000\040\000O\000b\000s\000e\000r\000v\000a\000b\000i\000l\000i\000t\000y}{chapter*.16}% 63
\BOOKMARK [2][-]{subsection.4.5.1}{\376\377\000C\000o\000n\000t\000a\000i\000n\000e\000r\000i\000z\000e\000d\000\040\000M\000i\000c\000r\000o\000s\000e\000r\000v\000i\000c\000e\000s\000\040\000A\000r\000c\000h\000i\000t\000e\000c\000t\000u\000r\000e}{section.4.5}% 64
\BOOKMARK [1][-]{section.4.6}{\376\377\000S\000u\000m\000m\000a\000r\000y\000\040\000o\000f\000\040\000R\000e\000s\000u\000l\000t\000s}{chapter*.16}% 65
\BOOKMARK [0][-]{chapter*.21}{\376\377\000V\000.\000\040\000C\000O\000N\000C\000L\000U\000S\000I\000O\000N\000\040\000A\000N\000D\000\040\000R\000E\000C\000O\000M\000M\000E\000N\000D\000A\000T\000I\000O\000N}{}% 66
\BOOKMARK [1][-]{section.5.1}{\376\377\000C\000o\000n\000c\000l\000u\000s\000i\000o\000n}{chapter*.21}% 67
\BOOKMARK [2][-]{subsection.5.1.1}{\376\377\000S\000u\000m\000m\000a\000r\000y\000\040\000o\000f\000\040\000P\000r\000i\000n\000c\000i\000p\000a\000l\000\040\000A\000c\000h\000i\000e\000v\000e\000m\000e\000n\000t\000s}{section.5.1}% 68
\BOOKMARK [1][-]{section.5.2}{\376\377\000R\000e\000c\000o\000m\000m\000e\000n\000d\000a\000t\000i\000o\000n\000s}{chapter*.21}% 69
\BOOKMARK [2][-]{subsection.5.2.1}{\376\377\000R\000e\000c\000o\000m\000m\000e\000n\000d\000a\000t\000i\000o\000n\000s\000\040\000f\000o\000r\000\040\000M\000a\000c\000r\000o\000e\000c\000o\000n\000o\000m\000i\000c\000\040\000P\000o\000l\000i\000c\000y\000\040\000I\000n\000s\000t\000i\000t\000u\000t\000i\000o\000n\000s\000\040\000\050\000N\000B\000C\000\040\000\046\000\040\000M\000E\000F\000\051}{section.5.2}% 70
\BOOKMARK [2][-]{subsection.5.2.2}{\376\377\000R\000e\000c\000o\000m\000m\000e\000n\000d\000a\000t\000i\000o\000n\000s\000\040\000f\000o\000r\000\040\000N\000a\000t\000i\000o\000n\000a\000l\000\040\000S\000t\000a\000t\000i\000s\000t\000i\000c\000a\000l\000\040\000A\000u\000t\000h\000o\000r\000i\000t\000i\000e\000s\000\040\000\050\000N\000I\000S\000\051}{section.5.2}% 71
\BOOKMARK [2][-]{subsection.5.2.3}{\376\377\000R\000e\000c\000o\000m\000m\000e\000n\000d\000a\000t\000i\000o\000n\000s\000\040\000f\000o\000r\000\040\000F\000u\000t\000u\000r\000e\000\040\000A\000c\000a\000d\000e\000m\000i\000c\000\040\000a\000n\000d\000\040\000E\000n\000g\000i\000n\000e\000e\000r\000i\000n\000g\000\040\000R\000e\000s\000e\000a\000r\000c\000h}{section.5.2}% 72
\BOOKMARK [0][-]{section*.22}{\376\377\000R\000E\000F\000E\000R\000E\000N\000C\000E\000S}{}% 73
\BOOKMARK [0][-]{appendix*.24}{\376\377\000A\000P\000P\000E\000N\000D\000I\000C\000E\000S}{}% 74
\BOOKMARK [1][-]{section*.25}{\376\377\000A\000p\000p\000e\000n\000d\000i\000x\000\040\000A\000:\000\040\0001\0002\000\040\000U\000N\000\040\000C\000O\000I\000C\000O\000P\000\040\000D\000i\000v\000i\000s\000i\000o\000n\000\040\000E\000x\000p\000e\000n\000d\000i\000t\000u\000r\000e\000\040\000W\000e\000i\000g\000h\000t\000s}{appendix*.24}% 75
\BOOKMARK [1][-]{section*.27}{\376\377\000A\000p\000p\000e\000n\000d\000i\000x\000\040\000B\000:\000\040\000M\000a\000c\000h\000i\000n\000e\000\040\000L\000e\000a\000r\000n\000i\000n\000g\000\040\000H\000y\000p\000e\000r\000p\000a\000r\000a\000m\000e\000t\000e\000r\000s}{appendix*.24}% 76
\BOOKMARK [1][-]{section*.29}{\376\377\000A\000p\000p\000e\000n\000d\000i\000x\000\040\000C\000:\000\040\000D\000a\000t\000a\000b\000a\000s\000e\000\040\000S\000t\000a\000r\000-\000S\000c\000h\000e\000m\000a\000\040\000a\000n\000d\000\040\000R\000e\000l\000a\000t\000i\000o\000n\000a\000l\000\040\000E\000n\000t\000i\000t\000i\000e\000s}{appendix*.24}% 77
